⚠ The "middleware" file convention is deprecated. Please use "proxy" instead. Learn more: https://nextjs.org/docs/messages/middleware-to-proxy
⚠ [next]/internal/font/google/inter_786c1081.module.css
Error while requesting resource
There was an issue establishing a connection while requesting https://fonts.googleapis.com/css2?family=Inter:wght@100..900&display=swap

Import trace:
  Server Component:
    [next]/internal/font/google/inter_786c1081.module.css
    [next]/internal/font/google/inter_786c1081.js
    ./src/app/layout.tsx


⚠ [next]/internal/font/google/inter_786c1081.module.css
next/font: warning:
Failed to download `Inter` from Google Fonts. Using fallback font instead.

Import trace:
  Server Component:
    [next]/internal/font/google/inter_786c1081.module.css
    [next]/internal/font/google/inter_786c1081.js
    ./src/app/layout.tsx


⚠ [next]/internal/font/google/inter_786c1081.module.css
Error while requesting resource
There was an issue establishing a connection while requesting https://fonts.googleapis.com/css2?family=Inter:wght@100..900&display=swap

Import trace:
  Server Component:
    [next]/internal/font/google/inter_786c1081.module.css
    [next]/internal/font/google/inter_786c1081.js
    ./src/app/layout.tsx


⚠ [next]/internal/font/google/inter_786c1081.module.css
next/font: warning:
Failed to download `Inter` from Google Fonts. Using fallback font instead.

Import trace:
  Server Component:
    [next]/internal/font/google/inter_786c1081.module.css
    [next]/internal/font/google/inter_786c1081.js
    ./src/app/layout.tsx


⚠ [next]/internal/font/google/inter_786c1081.module.css
Error while requesting resource
There was an issue establishing a connection while requesting https://fonts.googleapis.com/css2?family=Inter:wght@100..900&display=swap

Import trace:
  Server Component:
    [next]/internal/font/google/inter_786c1081.module.css
    [next]/internal/font/google/inter_786c1081.js
    ./src/app/layout.tsx


⚠ [next]/internal/font/google/inter_786c1081.module.css
next/font: warning:
Failed to download `Inter` from Google Fonts. Using fallback font instead.

Import trace:
  Server Component:
    [next]/internal/font/google/inter_786c1081.module.css
    [next]/internal/font/google/inter_786c1081.js
    ./src/app/layout.tsx


⚠ [next]/internal/font/google/inter_786c1081.module.css
Error while requesting resource
There was an issue establishing a connection while requesting https://fonts.googleapis.com/css2?family=Inter:wght@100..900&display=swap

Import trace:
  Server Component:
    [next]/internal/font/google/inter_786c1081.module.css
    [next]/internal/font/google/inter_786c1081.js
    ./src/app/layout.tsx


⚠ [next]/internal/font/google/inter_786c1081.module.css
next/font: warning:
Failed to download `Inter` from Google Fonts. Using fallback font instead.

Import trace:
  Server Component:
    [next]/internal/font/google/inter_786c1081.module.css
    [next]/internal/font/google/inter_786c1081.js
    ./src/app/layout.tsx


⚠ [next]/internal/font/google/inter_786c1081.module.css
Error while requesting resource
There was an issue establishing a connection while requesting https://fonts.googleapis.com/css2?family=Inter:wght@100..900&display=swap

Import trace:
  Server Component:
    [next]/internal/font/google/inter_786c1081.module.css
    [next]/internal/font/google/inter_786c1081.js
    ./src/app/layout.tsx


⚠ [next]/internal/font/google/inter_786c1081.module.css
next/font: warning:
Failed to download `Inter` from Google Fonts. Using fallback font instead.

Import trace:
  Server Component:
    [next]/internal/font/google/inter_786c1081.module.css
    [next]/internal/font/google/inter_786c1081.js
    ./src/app/layout.tsx


⚠ [next]/internal/font/google/inter_786c1081.module.css
Error while requesting resource
There was an issue establishing a connection while requesting https://fonts.googleapis.com/css2?family=Inter:wght@100..900&display=swap

Import trace:
  Server Component:
    [next]/internal/font/google/inter_786c1081.module.css
    [next]/internal/font/google/inter_786c1081.js
    ./src/app/layout.tsx


⚠ [next]/internal/font/google/inter_786c1081.module.css
next/font: warning:
Failed to download `Inter` from Google Fonts. Using fallback font instead.

Import trace:
  Server Component:
    [next]/internal/font/google/inter_786c1081.module.css
    [next]/internal/font/google/inter_786c1081.js
    ./src/app/layout.tsx


⚠ [next]/internal/font/google/inter_786c1081.module.css
Error while requesting resource
There was an issue establishing a connection while requesting https://fonts.googleapis.com/css2?family=Inter:wght@100..900&display=swap

Import trace:
  Server Component:
    [next]/internal/font/google/inter_786c1081.module.css
    [next]/internal/font/google/inter_786c1081.js
    ./src/app/layout.tsx


⚠ [next]/internal/font/google/inter_786c1081.module.css
next/font: warning:
Failed to download `Inter` from Google Fonts. Using fallback font instead.

Import trace:
  Server Component:
    [next]/internal/font/google/inter_786c1081.module.css
    [next]/internal/font/google/inter_786c1081.js
    ./src/app/layout.tsx


⚠ [next]/internal/font/google/inter_786c1081.module.css
Error while requesting resource
There was an issue establishing a connection while requesting https://fonts.googleapis.com/css2?family=Inter:wght@100..900&display=swap

Import trace:
  Server Component:
    [next]/internal/font/google/inter_786c1081.module.css
    [next]/internal/font/google/inter_786c1081.js
    ./src/app/layout.tsx


⚠ [next]/internal/font/google/inter_786c1081.module.css
next/font: warning:
Failed to download `Inter` from Google Fonts. Using fallback font instead.

Import trace:
  Server Component:
    [next]/internal/font/google/inter_786c1081.module.css
    [next]/internal/font/google/inter_786c1081.js
    ./src/app/layout.tsx


